../Core/Src/main.c:101:6:debugPrintln	24	static
../Core/Src/main.c:116:5:main	56	static
../Core/Src/main.c:200:6:SystemClock_Config	104	static
../Core/Src/main.c:246:13:MX_I2C1_Init	8	static
../Core/Src/main.c:294:13:MX_USART2_UART_Init	8	static
../Core/Src/main.c:327:13:MX_DMA_Init	16	static
../Core/Src/main.c:345:13:MX_GPIO_Init	56	static
../Core/Src/main.c:375:6:pause_sec	32	static
../Core/Src/main.c:392:9:decToBcd	24	static
../Core/Src/main.c:403:5:bcdToDec	16	static
../Core/Src/main.c:414:6:setTime	48	static
../Core/Src/main.c:455:6:getTime	32	static
../Core/Src/main.c:482:5:epochFromTime	24	static
../Core/Src/main.c:543:6:Error_Handler	8	static,ignoring_inline_asm
