../Core/Src/main.c:118:8:debugPrintln	32	static
../Core/Src/main.c:89:5:main	32	static
../Core/Src/main.c:172:6:SystemClock_Config	80	static
../Core/Src/main.c:213:13:MX_ADC_Init	24	static
../Core/Src/main.c:267:13:MX_TIM3_Init	64	static
../Core/Src/main.c:326:13:MX_USART2_UART_Init	8	static
../Core/Src/main.c:359:13:MX_DMA_Init	16	static
../Core/Src/main.c:380:13:MX_GPIO_Init	56	static
../Core/Src/main.c:421:6:EXTI0_1_IRQHandler	8	static
../Core/Src/main.c:437:10:pollADC	16	static
../Core/Src/main.c:448:10:ADCtoCRR	16	static
../Core/Src/main.c:464:6:Error_Handler	8	static,ignoring_inline_asm
