../Core/Src/main.c:118:8:debugPrintln	32	static
../Core/Src/main.c:89:5:main	32	static
../Core/Src/main.c:169:6:SystemClock_Config	80	static
../Core/Src/main.c:210:13:MX_ADC_Init	24	static
../Core/Src/main.c:264:13:MX_TIM3_Init	64	static
../Core/Src/main.c:323:13:MX_USART2_UART_Init	8	static
../Core/Src/main.c:356:13:MX_DMA_Init	16	static
../Core/Src/main.c:377:13:MX_GPIO_Init	56	static
../Core/Src/main.c:418:6:EXTI0_1_IRQHandler	8	static
../Core/Src/main.c:434:10:pollADC	16	static
../Core/Src/main.c:445:10:ADCtoCRR	16	static
../Core/Src/main.c:461:6:Error_Handler	8	static,ignoring_inline_asm
